bun test v1.4.0 (34cbb9a40)

tests/cli/collaboration.test.ts:
239 | const FORGED_LEASE_GENERATION = 4242;
240 | 
241 | function expectNoForgedExecutionAuthority(payload: string): void {
242 |   for (const forgedValue of [FORGED_CLAIM_ID, FORGED_WORK_ENVELOPE, FORGED_FREEZE_RECEIPT,
243 |     String(FORGED_LEASE_GENERATION), FORGED_TASK_ID, FORGED_TASK_REVISION]) {
244 |     expect(payload).not.toContain(forgedValue);
                              ^
error: expect(received).not.toContain(expected)

Expected to not contain: "4242"
Received: "{\"signal_sha256\":\"sha256:47c4013424684242727e9cceed3e35b00b2dee3363371b722f46fcd64ecb11e6\",\"execution_context\":null}"

      at expectNoForgedExecutionAuthority (/Users/ancienttwo/Projects/repo-harness-wt-campaign-settled-resume/tests/cli/collaboration.test.ts:244:25)
      at <anonymous> (/Users/ancienttwo/Projects/repo-harness-wt-campaign-settled-resume/tests/cli/collaboration.test.ts:249:3)
(fail) generation assertion allows the legitimate digest from the CI collision [3.18ms]
(pass) generation assertion rejects nested numeric and string execution authority [0.58ms]

 1 pass
 11 filtered out
 1 fail
 14 expect() calls
Ran 2 tests across 1 file. [52.00ms]

PRE_FIX_EXIT=1
