bun test v1.4.0 (34cbb9a40)

tests/effects/campaign-worker.test.ts:
48 |     const deadline = Date.now() + 30000;
49 |     await expect(worker.prepareChild('worker', 'prompt.md', deadline)).rejects.toThrow('transport unavailable');
50 |     const recordKey = campaignRuntimeRecordKey(f.result.worker_handoff.dispatch_id, 'worker', 'preparation');
51 |     const original = readPlanningRecord(f.root, f.intent, recordKey);
52 |     expect(original).not.toBeNull();
53 |     await expect(worker.prepareChild('worker', 'prompt.md', deadline + 30000)).rejects.toThrow('transport unavailable');
                                                                                            ^
error: expect(received).toThrow(expected)

Expected substring: "transport unavailable"
Received message: "campaign preparation already admitted; reconciliation required"

      at <anonymous> (/Users/ancienttwo/Projects/repo-harness-wt-campaign-preparation-retry/tests/effects/campaign-worker.test.ts:53:88)
(fail) pre-journal preparation failure can retry without extending its deadline or charging an attempt [5812.82ms]
77 |     const stored = readPlanningRecord<campaignRuntime.CampaignCodexPreparation>(f.root, f.intent,
78 |       campaignRuntimeRecordKey(f.result.worker_handoff.dispatch_id, 'worker', 'preparation'))!;
79 |     const common = resolveGitCommonDirectory(f.worktree);
80 |     const directory = campaignContainerDirectory(common, phase === 'version' ? { ...stored.identity, phase } : stored.identity);
81 |     mkdirSync(directory);
82 |     await expect(worker.prepareChild('worker', 'prompt.md', deadline)).rejects.toThrow('journal');
                                                                                    ^
error: expect(received).toThrow(expected)

Expected substring: "journal"
Received message: "campaign preparation already admitted; reconciliation required"

      at <anonymous> (/Users/ancienttwo/Projects/repo-harness-wt-campaign-preparation-retry/tests/effects/campaign-worker.test.ts:82:80)
(fail) an existing version journal blocks preparation retry before any provider call [5531.64ms]
77 |     const stored = readPlanningRecord<campaignRuntime.CampaignCodexPreparation>(f.root, f.intent,
78 |       campaignRuntimeRecordKey(f.result.worker_handoff.dispatch_id, 'worker', 'preparation'))!;
79 |     const common = resolveGitCommonDirectory(f.worktree);
80 |     const directory = campaignContainerDirectory(common, phase === 'version' ? { ...stored.identity, phase } : stored.identity);
81 |     mkdirSync(directory);
82 |     await expect(worker.prepareChild('worker', 'prompt.md', deadline)).rejects.toThrow('journal');
                                                                                    ^
error: expect(received).toThrow(expected)

Expected substring: "journal"
Received message: "campaign preparation already admitted; reconciliation required"

      at <anonymous> (/Users/ancienttwo/Projects/repo-harness-wt-campaign-preparation-retry/tests/effects/campaign-worker.test.ts:82:80)
(fail) an existing worker journal blocks preparation retry before any provider call [5004.35ms]

 0 pass
 12 filtered out
 3 fail
 7 expect() calls
Ran 3 tests across 1 file. [16.42s]

PRE_FIX_EXIT=1
