bun test v1.4.0 (34cbb9a40)

tests/cli/campaign-acceptance-preflight.test.ts:
32 | 
33 | test('canonical metadata preflight accepts future outputs without execution, status mutation or acceptance evidence', () => {
34 |   const f = fixture();
35 |   try {
36 |     const result = helper(f.repo);
37 |     expect(result.exitCode, result.stdout + result.stderr).toBe(0);
                                                                ^
error: Usage: scripts/verify-contract.sh --contract <contract-file> [--strict] [--quiet] [--read-only] [--report-file <path>] [--force-expensive-rerun --reason <text>]

Options:
  --contract <path>     Contract markdown file with a YAML exit_criteria block
  --strict              Exit with code 1 when any criteria fail
  --quiet               Suppress per-check logs; only print on failure or status change
  --read-only           Do not rewrite the contract Status header; the Verification Plan
                        still executes through the canonical executor
  --report-file <path>  Write structured JSON results for downstream tooling
  --force-expensive-rerun
                        Execute a cached expensive pass again instead of reusing it
  --reason <text>       Required non-empty audit reason for --force-expensive-rerun
Unknown argument: --preflight


Expected: 0
Received: 2

      at <anonymous> (/Users/ancienttwo/Projects/repo-harness-wt-campaign-acceptance-preflight/tests/cli/campaign-acceptance-preflight.test.ts:37:60)
(fail) canonical metadata preflight accepts future outputs without execution, status mutation or acceptance evidence [639.48ms]
48 |   ['missing', ''], ['malformed', evidence.replace('not_applicable', 'optional')],
49 |   ['duplicate', evidence.replace('  benchmark: not_applicable', '  benchmark: not_applicable\n  benchmark: not_applicable')],
50 | ]) test(`campaign admission rejects ${name} benchmark declaration before dispatch`, () => {
51 |   const f = fixture(metadata);
52 |   try {
53 |     expect(() => runCampaignPlanningPreflight(f.repo, 'task.contract.md')).toThrow(/benchmark|Evidence Requirements/);
                                                                                ^
error: expect(received).toThrow(expected)

Expected pattern: /benchmark|Evidence Requirements/

Received function did not throw
Received value: {
  ok: true,
  issues: [],
  failure_class: null,
  evidence: [],
  task_profile: "code-change",
}

      at <anonymous> (/Users/ancienttwo/Projects/repo-harness-wt-campaign-acceptance-preflight/tests/cli/campaign-acceptance-preflight.test.ts:53:76)
(fail) campaign admission rejects missing benchmark declaration before dispatch [297.28ms]
48 |   ['missing', ''], ['malformed', evidence.replace('not_applicable', 'optional')],
49 |   ['duplicate', evidence.replace('  benchmark: not_applicable', '  benchmark: not_applicable\n  benchmark: not_applicable')],
50 | ]) test(`campaign admission rejects ${name} benchmark declaration before dispatch`, () => {
51 |   const f = fixture(metadata);
52 |   try {
53 |     expect(() => runCampaignPlanningPreflight(f.repo, 'task.contract.md')).toThrow(/benchmark|Evidence Requirements/);
                                                                                ^
error: expect(received).toThrow(expected)

Expected pattern: /benchmark|Evidence Requirements/

Received function did not throw
Received value: {
  ok: true,
  issues: [],
  failure_class: null,
  evidence: [],
  task_profile: "code-change",
}

      at <anonymous> (/Users/ancienttwo/Projects/repo-harness-wt-campaign-acceptance-preflight/tests/cli/campaign-acceptance-preflight.test.ts:53:76)
(fail) campaign admission rejects malformed benchmark declaration before dispatch [414.08ms]
48 |   ['missing', ''], ['malformed', evidence.replace('not_applicable', 'optional')],
49 |   ['duplicate', evidence.replace('  benchmark: not_applicable', '  benchmark: not_applicable\n  benchmark: not_applicable')],
50 | ]) test(`campaign admission rejects ${name} benchmark declaration before dispatch`, () => {
51 |   const f = fixture(metadata);
52 |   try {
53 |     expect(() => runCampaignPlanningPreflight(f.repo, 'task.contract.md')).toThrow(/benchmark|Evidence Requirements/);
                                                                                ^
error: expect(received).toThrow(expected)

Expected pattern: /benchmark|Evidence Requirements/

Received function did not throw
Received value: {
  ok: true,
  issues: [],
  failure_class: null,
  evidence: [],
  task_profile: "code-change",
}

      at <anonymous> (/Users/ancienttwo/Projects/repo-harness-wt-campaign-acceptance-preflight/tests/cli/campaign-acceptance-preflight.test.ts:53:76)
(fail) campaign admission rejects duplicate benchmark declaration before dispatch [298.32ms]
57 | });
58 | 
59 | test('campaign admission rejects malformed Verification Plan before dispatch', () => {
60 |   const f = fixture(evidence, true);
61 |   try {
62 |     expect(() => runCampaignPlanningPreflight(f.repo, 'task.contract.md')).toThrow(/Verification Plan|verification_plan|checks/);
                                                                                ^
error: expect(received).toThrow(expected)

Expected pattern: /Verification Plan|verification_plan|checks/

Received function did not throw
Received value: {
  ok: true,
  issues: [],
  failure_class: null,
  evidence: [],
  task_profile: "code-change",
}

      at <anonymous> (/Users/ancienttwo/Projects/repo-harness-wt-campaign-acceptance-preflight/tests/cli/campaign-acceptance-preflight.test.ts:62:76)
(fail) campaign admission rejects malformed Verification Plan before dispatch [329.45ms]
68 |   test(`metadata preflight rejects acceptance options ${args[0]}`, () => {
69 |     const f = fixture();
70 |     try {
71 |       const result = helper(f.repo, args);
72 |       expect(result.exitCode).toBe(2);
73 |       expect(result.stderr).toContain('--preflight cannot');
                                 ^
error: expect(received).toContain(expected)

Expected to contain: "--preflight cannot"
Received: "Unknown argument: --preflight\n"

      at <anonymous> (/Users/ancienttwo/Projects/repo-harness-wt-campaign-acceptance-preflight/tests/cli/campaign-acceptance-preflight.test.ts:73:29)
(fail) metadata preflight rejects acceptance options --report-file [302.15ms]
68 |   test(`metadata preflight rejects acceptance options ${args[0]}`, () => {
69 |     const f = fixture();
70 |     try {
71 |       const result = helper(f.repo, args);
72 |       expect(result.exitCode).toBe(2);
73 |       expect(result.stderr).toContain('--preflight cannot');
                                 ^
error: expect(received).toContain(expected)

Expected to contain: "--preflight cannot"
Received: "Unknown argument: --preflight\n"

      at <anonymous> (/Users/ancienttwo/Projects/repo-harness-wt-campaign-acceptance-preflight/tests/cli/campaign-acceptance-preflight.test.ts:73:29)
(fail) metadata preflight rejects acceptance options --force-expensive-rerun [319.09ms]

tests/cli/fleet-offer-acquire.test.ts:
(pass) fleet offers CLI > emits the deterministic empty FleetOffersV1 document when the registry is empty [246.04ms]
(pass) fleet offers CLI > acquire help exposes every optimistic assertion and retry option [146.16ms]
(pass) fleet offers CLI > acquire requires an authorization revision before invoking the effect [143.39ms]
(pass) fleet offers CLI > acquire rejects an out-of-range max-attempts value as invalid_argument [166.66ms]
(pass) fleet offers CLI > no eligible task is a successful empty result with effect-shaped JSON [152.17ms]
(pass) fleet offers CLI > task and offer assertions reach the effect as a typed stale result [141.43ms]
378 |       expect(existsSync(envelope.worktree_path)).toBe(true);
379 |       expect(existsSync(join(envelope.worktree_path, envelope.plan.contract_path))).toBe(true);
380 |       const authored = readFileSync(join(fixture.repo, envelope.plan.contract_path), 'utf8');
381 |       expect(readFileSync(join(envelope.worktree_path, envelope.plan.contract_path), 'utf8')).toBe(authored);
382 |       const workflowPaths = [envelope.plan.plan_path, envelope.plan.contract_path, 'tasks/reviews/20260823-0202-cli-acquire.review.md', 'tasks/notes/20260823-0202-cli-acquire.notes.md', 'tasks/todos.md'];
383 |       for (const path of workflowPaths) expect(readFileSync(join(envelope.worktree_path, path), 'utf8'), path).toBe(readFileSync(join(fixture.repo, path), 'utf8'));
                                                                                                                     ^
error: plans/plan-20260823-0202-cli-acquire.md

  "# Plan: CLI Fleet Acquire Fixture
  
- > **Status**: Approved
+ > **Status**: Executing
  > **Source Ref**: sprint:plans/sprints/20260823-0202-cli-acquire.sprint.md#acquire one real CLI worktree
  > **Artifact Level**: work-package
  > **Promotion Reason**: verification_boundary
  > **Verification Boundary**: CLI acquisition proves bound worktree output.
  > **Rollback Surface**: Remove the fixture worktree and lease.
  > **Task Contract**: tasks/contracts/20260823-0202-cli-acquire.contract.md
  > **Task Review**: tasks/reviews/20260823-0202-cli-acquire.review.md
  > **Implementation Notes**: tasks/notes/20260823-0202-cli-acquire.notes.md
  
  ## Promotion Gate
  
  - **Merge/PR unit**: One fixture acquisition is independently verifiable.
  - **Rollback surface**: Remove the fixture worktree and lease.
  - **Verification boundary**: Fleet acquire CLI output and token readback.
  - **Review/acceptance boundary**: The test asserts the returned envelope.
  - **High-risk surface**: Shared lease election and fresh worktree creation.
  - **Why not checklist row**: The acquisition transaction crosses persistent authorities.
  
  ## Evidence Contract
  
  - **State/progress path**: plans/plan-20260823-0202-cli-acquire.md
  - **Verification evidence**: CLI JSON output and worktree token.
  - **Evaluator rubric**: This test assertion.
  - **Stop condition**: A bound envelope is returned.
  - **Rollback surface**: Remove the fixture worktree and lease.
  "

- Expected  - 1
+ Received  + 1

      at <anonymous> (/Users/ancienttwo/Projects/repo-harness-wt-campaign-acceptance-preflight/tests/cli/fleet-offer-acquire.test.ts:383:112)
(fail) fleet offers CLI > acquires a package-helper-only repository and never returns a second envelope [1884.73ms]

 6 pass
 8 fail
 46 expect() calls
Ran 14 tests across 2 files. [5.54s]

PRE_FIX_EXIT=1
