bun test v1.4.0 (34cbb9a40)

tests/effects/campaign-settled-resume.test.ts:
83 |   readonly requested_slots: readonly IssueBatchSlot[];
84 |   readonly provider_issue_id?: string;
85 |   readonly provider_issue_url?: string;
86 | }
87 | 
88 | function fail(code: GptProIssueAuthoringError['code'], message: string): never { throw new GptProIssueAuthoringError(code, message); }
                                                                                            ^
GptProIssueAuthoringError: resume requires a verified quiescent predecessor: exhausted pre-adoption or stopped never-acquired publication, with identical repository scope
 code: "issue_authoring_invalid"

      at fail (/Users/ancienttwo/Projects/repo-harness-wt-campaign-settled-resume/src/effects/automation/gpt-pro-issue-authoring.ts:88:88)
      at resumeAuthoringAction (/Users/ancienttwo/Projects/repo-harness-wt-campaign-settled-resume/src/effects/automation/gpt-pro-issue-authoring.ts:262:61)
      at startIssueBatchAuthoring (/Users/ancienttwo/Projects/repo-harness-wt-campaign-settled-resume/src/effects/automation/gpt-pro-issue-authoring.ts:322:18)
      at <anonymous> (/Users/ancienttwo/Projects/repo-harness-wt-campaign-settled-resume/tests/effects/campaign-settled-resume.test.ts:115:25)
(fail) actual author admission binds one fresh continuation after settled failure and preserves original Issue identities [4767.57ms]

 0 pass
 9 filtered out
 1 fail
 3 expect() calls
Ran 1 test across 1 file. [4.83s]

PRE_FIX_EXIT=1
