bun test v1.4.0 (34cbb9a40)

tests/effects/campaign-verifier-failure.test.ts:
46 | 
47 | test('exact verifier rejection settles a retired attempt without a worker result and permits only a fresh stopped continuation', async () => {
48 |   const f = await fixture();
49 |   const owner = readLease(f.root, f.d.envelope.task_id);
50 |   const final = settleObservedCampaignFailure(f.d.worker_handoff, f.env);
51 |   expect(final).not.toBeNull();
                         ^
error: expect(received).not.toBeNull()

Received: null

      at <anonymous> (/Users/ancienttwo/Projects/repo-harness-wt-campaign-worker-record-scope/tests/effects/campaign-verifier-failure.test.ts:51:21)
(fail) exact verifier rejection settles a retired attempt without a worker result and permits only a fresh stopped continuation [3581.11ms]
(pass) verifier-only settlement refuses pass without charging [3230.63ms]
(pass) verifier-only settlement refuses missing-worker without charging [3764.09ms]
(pass) verifier-only settlement refuses missing-verifier without charging [3550.45ms]
(pass) verifier-only settlement refuses unknown without charging [3571.92ms]
71 | 
72 | for (const mode of ['pass', 'missing-worker', 'missing-verifier', 'unknown', 'malformed', 'altered-worker', 'altered-verifier']) test(`verifier-only settlement refuses ${mode} without charging`, async () => {
73 |   const f = await fixture(mode);
74 |   if (mode.startsWith('altered-')) writeFileSync(join(f.worktree, `${mode.slice(8)}.out`), 'substituted output');
75 |   const before = readAutomationBudgetStatus(f.root, f.budget.automation_run_id, f.env);
76 |   if (mode === 'malformed' || mode.startsWith('altered-')) expect(() => settleObservedCampaignFailure(f.d.worker_handoff, f.env)).toThrow();
                                                                                                                                       ^
error: expect(received).toThrow()

Received function did not throw
Received value: null

      at <anonymous> (/Users/ancienttwo/Projects/repo-harness-wt-campaign-worker-record-scope/tests/effects/campaign-verifier-failure.test.ts:76:131)
(fail) verifier-only settlement refuses malformed without charging [3860.01ms]
71 | 
72 | for (const mode of ['pass', 'missing-worker', 'missing-verifier', 'unknown', 'malformed', 'altered-worker', 'altered-verifier']) test(`verifier-only settlement refuses ${mode} without charging`, async () => {
73 |   const f = await fixture(mode);
74 |   if (mode.startsWith('altered-')) writeFileSync(join(f.worktree, `${mode.slice(8)}.out`), 'substituted output');
75 |   const before = readAutomationBudgetStatus(f.root, f.budget.automation_run_id, f.env);
76 |   if (mode === 'malformed' || mode.startsWith('altered-')) expect(() => settleObservedCampaignFailure(f.d.worker_handoff, f.env)).toThrow();
                                                                                                                                       ^
error: expect(received).toThrow()

Received function did not throw
Received value: null

      at <anonymous> (/Users/ancienttwo/Projects/repo-harness-wt-campaign-worker-record-scope/tests/effects/campaign-verifier-failure.test.ts:76:131)
(fail) verifier-only settlement refuses altered-worker without charging [4640.29ms]
71 | 
72 | for (const mode of ['pass', 'missing-worker', 'missing-verifier', 'unknown', 'malformed', 'altered-worker', 'altered-verifier']) test(`verifier-only settlement refuses ${mode} without charging`, async () => {
73 |   const f = await fixture(mode);
74 |   if (mode.startsWith('altered-')) writeFileSync(join(f.worktree, `${mode.slice(8)}.out`), 'substituted output');
75 |   const before = readAutomationBudgetStatus(f.root, f.budget.automation_run_id, f.env);
76 |   if (mode === 'malformed' || mode.startsWith('altered-')) expect(() => settleObservedCampaignFailure(f.d.worker_handoff, f.env)).toThrow();
                                                                                                                                       ^
error: expect(received).toThrow()

Received function did not throw
Received value: null

      at <anonymous> (/Users/ancienttwo/Projects/repo-harness-wt-campaign-worker-record-scope/tests/effects/campaign-verifier-failure.test.ts:76:131)
(fail) verifier-only settlement refuses altered-verifier without charging [3336.56ms]

 4 pass
 4 fail
 12 expect() calls
Ran 8 tests across 1 file. [29.63s]

PRE_FIX_EXIT=1
