bun test v1.4.0 (34cbb9a40)

tests/unit/development-campaign-core.test.ts:
66 |     this.name = 'DevelopmentCampaignProtocolError';
67 |   }
68 | }
69 | 
70 | function invalid(message: string): never { throw new DevelopmentCampaignProtocolError('campaign_protocol_invalid', message); }
71 | function transitionInvalid(message: string): never { throw new DevelopmentCampaignProtocolError('campaign_transition_invalid', message); }
                                                                                                                                           ^
DevelopmentCampaignProtocolError: stop cannot follow authorization_expired
      at transitionInvalid (/Users/ancienttwo/Projects/repo-harness-wt-campaign-reconciliation-recovery/src/core/automation/development-campaign.ts:71:135)
      at buildDevelopmentCampaignEvent (/Users/ancienttwo/Projects/repo-harness-wt-campaign-reconciliation-recovery/src/core/automation/development-campaign.ts:155:57)
      at <anonymous> (/Users/ancienttwo/Projects/repo-harness-wt-campaign-reconciliation-recovery/tests/unit/development-campaign-core.test.ts:58:19)
(fail) recovery acknowledges expiry with a terminal stop and never reopens execution [10.76ms]

tests/unit/issue-282-automation-budget-store.test.ts:
1891 |     const f = pending('invalid-evidence-recovery');
1892 |     const record = join(f.directory, 'reconciliations', `${f.reservation.reservation_sha256}.json`);
1893 |     const before = readFileSync(join(f.directory, 'current.json'), 'utf8');
1894 |     expect(() => reconcileAutomationReservation({ ...f.input,
1895 |       evidence_refs: [{ ...f.input.evidence_refs[0]!, sha256: `sha256:${hex('interrupted')}` }] })).toThrow('64-character lowercase sha256');
1896 |     expect(existsSync(record)).toBe(false);
                                      ^
error: expect(received).toBe(expected)

Expected: false
Received: true

      at <anonymous> (/Users/ancienttwo/Projects/repo-harness-wt-campaign-reconciliation-recovery/tests/unit/issue-282-automation-budget-store.test.ts:1896:32)
(fail) reconciliation recovery > invalid evidence publishes no reconciliation and a corrected retry settles once [217.64ms]
1907 |     const f = pending('late-settlement-recovery', true);
1908 |     at('2026-09-03T00:02:00.000Z');
1909 |     repairAutomationBudgetDrift({ repo_root: f.repo, automation_run_id: f.budget.automation_run_id });
1910 |     const stop = readFileSync(join(f.directory, 'stop-receipt.json'), 'utf8');
1911 |     const settled = reconcileAutomationReservation(f.input);
1912 |     expect(settled.current.state).toBe('budget_exhausted');
                                         ^
error: expect(received).toBe(expected)

Expected: "budget_exhausted"
Received: "active"

      at <anonymous> (/Users/ancienttwo/Projects/repo-harness-wt-campaign-reconciliation-recovery/tests/unit/issue-282-automation-budget-store.test.ts:1912:35)
(fail) reconciliation recovery > late settlement preserves the original exhaustion receipt and terminal projection [247.42ms]

 0 pass
 54 filtered out
 3 fail
 3 expect() calls
Ran 3 tests across 2 files. [570.00ms]

PRE_FIX_EXIT=1
