bun test v1.4.0 (34cbb9a40)

tests/cli/fleet-offer-acquire.test.ts:
335 |         '--authorization-revision', String(offered.authorization_revision),
336 |         '--session-id', 'cli-real-session',
337 |         '--max-attempts', '2',
338 |       ];
339 |       const acquired = runCli(args, env);
340 |       expect(acquired.status, acquired.stderr).toBe(0);
                                                     ^
error: expect(received).toBe(expected)

Expected: 0
Received: 1

      at <anonymous> (/Users/ancienttwo/Projects/repo-harness-wt-fleet-packaged-helper/tests/cli/fleet-offer-acquire.test.ts:340:48)
(fail) fleet offers CLI > acquires a package-helper-only repository and never returns a second envelope [2772.62ms]

 0 pass
 6 filtered out
 1 fail
 5 expect() calls
Ran 1 test across 1 file. [2.99s]

PRE_FIX_EXIT=1
