bun test v1.4.0 (34cbb9a40)

tests/effects/issue-batch-shadow-budget.test.ts:
14 | type Prior = Pick<ReconcileIssueBatchSlotsInput, 'prior_observations' | 'repair_exhausted_slots'>;
15 | type ShadowOutcome = { admission_sha256: string; epoch_sha256: string } & (
16 |   { outcome: 'progress'; snapshot: IssueBatchObservationSnapshotV1; final_snapshot: IssueBatchObservationSnapshotV1; reason: 'authoring_completed' | 'authoring_exhausted' }
17 |   | { outcome: 'no_progress'; message: string; failure_receipt: unknown }
18 | );
19 | function fail(message: string): never { throw new IssueBatchAdoptionError('issue_adoption_reconciliation_required', message); }
                                                   ^
IssueBatchAdoptionError: GitHub refresh exceeded deadline_ms
 code: "issue_adoption_reconciliation_required"

      at fail (/Users/ancienttwo/Projects/repo-harness-wt-campaign-settled-resume/src/effects/automation/issue-batch-shadow-adoption.ts:19:47)
      at observeShadowAdoption (/Users/ancienttwo/Projects/repo-harness-wt-campaign-settled-resume/src/effects/automation/issue-batch-shadow-adoption.ts:66:5)
      at adoptIssueBatch (/Users/ancienttwo/Projects/repo-harness-wt-campaign-settled-resume/src/effects/automation/issue-batch-adoption.ts:263:22)
      at async <anonymous> (/Users/ancienttwo/Projects/repo-harness-wt-campaign-settled-resume/tests/effects/issue-batch-shadow-budget.test.ts:49:11)
(fail) shadow rejects its old terminal after a completed same-group GitHub read [2860.36ms]

 0 pass
 6 filtered out
 1 fail
 1 expect() calls
Ran 1 test across 1 file. [2.94s]

PRE_FIX_EXIT=1
