bun test v1.4.0 (34cbb9a40)

tests/effects/campaign-environment.test.ts:
17 |       identity: { kind: 'environment-test', id: randomUUID() }, writable: false, probe: true, deadline_ms: deadline,
18 |       argv: ['/bin/sh', '-ec', 'repo-harness --version; repo-harness run verify-sprint -- --help'] });
19 |     id = container.container_id;
20 |     const result = await runCampaignContainer(container, deadline);
21 |     expect(result.inactive).toBe(true);
22 |     expect(result.exit_code, result.stderr).toBe(0);
                                                 ^
error: /bin/sh: 1: repo-harness: not found


Expected: 0
Received: 127

      at <anonymous> (/Users/ancienttwo/Projects/repo-harness-wt-campaign-execution-environment/tests/effects/campaign-environment.test.ts:22:45)
(fail) campaign image supplies the real packaged harness and trusted helper without host tools or credentials [1986.41ms]

 0 pass
 2 filtered out
 1 fail
 2 expect() calls
Ran 1 test across 1 file. [2.03s]

PRE_FIX_EXIT=1
