$ bun test --timeout 60000 tests/effects/campaign-authoring-resume.test.ts tests/effects/campaign-fresh-audit.test.ts
bun test v1.4.0 (34cbb9a40)

tests/effects/campaign-authoring-resume.test.ts:
83 |   readonly requested_slots: readonly IssueBatchSlot[];
84 |   readonly provider_issue_id?: string;
85 |   readonly provider_issue_url?: string;
86 | }
87 | 
88 | function fail(code: GptProIssueAuthoringError['code'], message: string): never { throw new GptProIssueAuthoringError(code, message); }
                                                                                            ^
GptProIssueAuthoringError: resume_from fields are invalid
 code: "issue_authoring_invalid"

      at fail (/Users/ancienttwo/Projects/repo-harness-wt-successor-replacement/src/effects/automation/gpt-pro-issue-authoring.ts:88:88)
      at resumeAuthoringAction (/Users/ancienttwo/Projects/repo-harness-wt-successor-replacement/src/effects/automation/gpt-pro-issue-authoring.ts:227:90)
      at startIssueBatchAuthoring (/Users/ancienttwo/Projects/repo-harness-wt-successor-replacement/src/effects/automation/gpt-pro-issue-authoring.ts:281:18)
      at <anonymous> (/Users/ancienttwo/Projects/repo-harness-wt-successor-replacement/tests/effects/campaign-authoring-resume.test.ts:187:25)
(fail) a stopped never-adopted successor is replaced through the formal entrypoint and the replacement adopts [4129.17ms]

tests/effects/campaign-fresh-audit.test.ts:
361 |   });
362 |   const before = facts();
363 |   const start = () => appendDevelopmentCampaignEvent({ repo_root: f.root, campaign_id: f.intent.campaign_id, operation: 'start_group',
364 |     expected_current_sha256: readDevelopmentCampaignStatus(f.root, f.intent.campaign_id, f.env).current.current_sha256,
365 |     idempotency_key: 'guarded-start', observed_at: new Date().toISOString(), env: f.env });
366 |   expect(start).toThrow('adoption');
                      ^
error: expect(received).toThrow(expected)

Expected substring: "adoption"

Received function did not throw
Received value: {
  campaign: {
    schemaVersion: "repo-harness.development-campaign/v1",
    campaign_id: "campaign-1",
    authorization_id: "auth-1",
    authorization_sha256: "b1bfe3c253503ef65e9118c48c56a9066e1beb073618f08edb8cdb16fb77cfbf",
    repository_id: "repo_d4889fd46c922190",
    target_ref: "refs/heads/main",
    target_revision: "a5fd464e90fd837764bab9b12de46ddb4e58dc7a",
    created_at: "2026-09-05T00:00:00.000Z",
    campaign_sha256: "sha256:22f4a7895cbe78c8e46da754e0c133cde22479788fb3e7a2043522c95a18e8fa",
  },
  event: {
    schemaVersion: "repo-harness.development-campaign-event/v1",
    campaign_id: "campaign-1",
    revision: 3,
    idempotency_key: "guarded-start",
    operation: "start_group",
    previous_state: "group_preparing",
    next_state: "group_running",
    evidence_refs: [],
    observed_at: "2026-09-09T11:20:41.711Z",
    previous_event_sha256: "sha256:ec22e1d2d95224adefb0232ee54242a1840a97dd4022c4ee45472a405556a27d",
    event_sha256: "sha256:d6368432a0b9f1725dc8de841a1aff8a453408a4582b9acb8e07fdeecf80bb52",
  },
  current: {
    schemaVersion: "repo-harness.development-campaign-current/v1",
    campaign_id: "campaign-1",
    campaign_sha256: "sha256:22f4a7895cbe78c8e46da754e0c133cde22479788fb3e7a2043522c95a18e8fa",
    revision: 3,
    state: "group_running",
    current_event_sha256: "sha256:d6368432a0b9f1725dc8de841a1aff8a453408a4582b9acb8e07fdeecf80bb52",
    current_sha256: "sha256:7b837e4ebe26cb03a1056f232b0c12d5187636b22a9be562b4703c0ed4e652f9",
  },
}

      at <anonymous> (/Users/ancienttwo/Projects/repo-harness-wt-successor-replacement/tests/effects/campaign-fresh-audit.test.ts:366:17)
(fail) start_group is refused before the group adoption and publication and leaves campaign state unchanged [653.20ms]

 28 pass
 2 fail
 172 expect() calls
Ran 30 tests across 2 files. [90.16s]
PRE_FIX_EXIT=1
