bun test v1.4.0 (34cbb9a40)

tests/helper-scripts.test.ts:
58 | 
59 | function stage(value: unknown, name: "scan" | "verify", expectedFeatures: readonly string[]): RefactorProviderStage {
60 |   if (typeof value !== "object" || value === null || Array.isArray(value)) throw new Error(`policy.refactor.stages.${name} must be an object`);
61 |   const input = value as Record<string, unknown>;
62 |   if (Object.keys(input).some((key) => !["provider_version", "required_features"].includes(key))) throw new Error(`policy.refactor.stages.${name} contains an unknown field`);
63 |   if (input.provider_version !== REFACTOR_PROVIDER_VERSION) throw new Error(`policy.refactor.stages.${name}.provider_version must be ${REFACTOR_PROVIDER_VERSION}`);
                                                                                                                                                                       ^
error: policy.refactor.stages.scan.provider_version must be 0.5.10
      at stage (/private/tmp/repo-harness-0190-red.gwr9kk/src/core/refactor/policy.ts:63:163)
      at readRefactorPolicy (/private/tmp/repo-harness-0190-red.gwr9kk/src/core/refactor/policy.ts:103:21)
      at <anonymous> (/private/tmp/repo-harness-0190-red.gwr9kk/tests/helper-scripts.test.ts:5960:14)
(fail) Workflow helper scripts > ensure-task-workflow should create a draft plan when none exists [630.89ms]

tests/operator-web/operator-interactions.test.tsx:
940 |     await act(async () => acknowledge());
941 |     await act(async () => root?.unmount());
942 |     root = null;
943 |     await mount(<OperatorApp initialState={projectSnapshotViewState(stableSnapshot)} initialLocale="en" />);
944 |     await act(async () => buttonWithText(fixtureTasks.blocked.task_label).click());
945 |     expect((document.querySelector('#composer-body') as HTMLTextAreaElement | null)?.value).toBe('newer unsent text');
                                                                                                  ^
error: expect(received).toBe(expected)

Expected: "newer unsent text"
Received: undefined

      at <anonymous> (/private/tmp/repo-harness-0190-red.gwr9kk/tests/operator-web/operator-interactions.test.tsx:945:93)
(fail) operator web task message composer > a delayed acknowledgement preserves a newer draft saved after remount [104.77ms]

 0 pass
 228 filtered out
 2 fail
 10 expect() calls
Ran 2 tests across 2 files. [993.00ms]
PRE_FIX_EXIT=1
