bun test v1.4.0 (34cbb9a40)

tests/unit/development-campaign-policy.test.ts:
(pass) development campaign target-base policy > defaults absent policy to the closed off state [2.49ms]
(pass) development campaign target-base policy > reads the authorized revision instead of candidate working bytes [92.78ms]
(pass) development campaign target-base policy > requires both campaign activation and external source intake at startup [145.56ms]
52 |   });
53 | });
54 | 
55 |  test('rejects incomplete issue-number snapshot policy before campaign start', () => {
56 |   const f = repo(policy('shadow'));
57 |   expect(() => requireDevelopmentCampaignStartPolicy(f.root, f.revision)).toThrow('complete');
                                                                               ^
error: expect(received).toThrow(expected)

Expected substring: "complete"

Received function did not throw
Received value: {
  version: 1,
  mode: "shadow",
  limits: {
    maximum_group_count: 3,
    maximum_issues_per_group: 10,
    maximum_parallel_tasks: 3,
  },
}

      at <anonymous> (/Users/ancienttwo/Projects/repo-harness-wt-brc15a-adoption-alignment/tests/unit/development-campaign-policy.test.ts:57:75)
(fail) rejects incomplete issue-number snapshot policy before campaign start [65.12ms]

tests/effects/gpt-pro-issue-authoring.test.ts:
(pass) GPT Pro issue batch authoring effect > dry-run leaves no automation budget ledger [228.10ms]
(pass) GPT Pro issue batch authoring effect > does not repeat a completed provider call when its budget request key replays [309.11ms]
(pass) GPT Pro issue batch authoring effect > refuses another authoring call after the single authorized round is settled [338.70ms]
(pass) GPT Pro issue batch authoring effect > keeps recoverable browser work reserved and rejects another provider call [436.00ms]
(pass) GPT Pro issue batch authoring effect > uses the injected browser binding authority before persisting and dispatching [256.46ms]
(pass) GPT Pro issue batch authoring effect > rejects a continuation source session owned by another intent before browser execution [389.22ms]
(pass) GPT Pro issue batch authoring effect > rejects stale or expired authority before start persistence or browser execution [401.81ms]
(pass) GPT Pro issue batch authoring effect > rejects stale or expired authority before continuation browser execution [557.18ms]
(pass) GPT Pro issue batch authoring effect > persists the exact intent before browser, forces secret scan, and has no local Issue-create surface [261.79ms]
(pass) GPT Pro issue batch authoring effect > reattaches for missing-slot fill and exact Issue edit without creating a local Issue [492.59ms]
(pass) GPT Pro issue batch authoring effect > rejects an edit locator that cannot name one exact repository Issue before browser follow-up [303.62ms]
(pass) GPT Pro issue batch authoring effect > records browser timeout/failure as unverified and does not advance batch or campaign state [260.43ms]
(pass) GPT Pro issue batch authoring effect > keeps one immutable intent per campaign group and rejects a conflicting second dispatch before browser [264.89ms]
270 |   // Working bytes are not the authority for a frozen campaign.
271 |   writeFileSync(join(f.root, '.archcontext/model/nodes/capability.yaml'), '{}');
272 |   await startIssueBatchAuthoring({ repo_root: f.root, campaign_id: 'campaign-1', group_number: 1, env: f.env }, {
273 |     readBinding: readBrowserBinding, now: () => observedAt,
274 |     consult: async input => {
275 |       expect(input.prompt).toContain('"minimum":0');
                                 ^
error: expect(received).toContain(expected)

Expected to contain: "\"minimum\":0"
Received: "You are the GPT Pro Issue Author for a bounded repo-harness repair campaign.\n\nTarget GitHub repository: acme/widgets\n\nRegistered repository id: repo-1\n\nRead exact ref refs/heads/main at commit 16f30d8a3d44f05f5b8fe04891215480ac851c87. Do not read or act on another revision.\n\nCreate exactly one GitHub Issue for each listed slot: 01, 02, 03, 04, 05, 06, 07, 08, 09, 10.\n\nAllowed issue kinds: bugfix, test_gap.\n\nYou may read that exact commit and create the requested Issues, or edit only the explicitly named Issue. Do not change code, branches, PRs, labels, milestones, assignees, or close Issues.\n\nThe title prefix is display-only. The body marker below is the sole slot authority. Copy it exactly; do not add hashes, digests, or extra keys inside the marker.\n\nSlot 01:\n<!-- repo-harness-campaign:v1\ncampaign_id=campaign-1\ngroup=1\nslot=01\n-->\n\nSlot 02:\n<!-- repo-harness-campaign:v1\ncampaign_id=campaign-1\ngroup=1\nslot=02\n-->\n\nSlot 03:\n<!-- repo-harness-campaign:v1\ncampaign_id=campaign-1\ngroup=1\nslot=03\n-->\n\nSlot 04:\n<!-- repo-harness-campaign:v1\ncampaign_id=campaign-1\ngroup=1\nslot=04\n-->\n\nSlot 05:\n<!-- repo-harness-campaign:v1\ncampaign_id=campaign-1\ngroup=1\nslot=05\n-->\n\nSlot 06:\n<!-- repo-harness-campaign:v1\ncampaign_id=campaign-1\ngroup=1\nslot=06\n-->\n\nSlot 07:\n<!-- repo-harness-campaign:v1\ncampaign_id=campaign-1\ngroup=1\nslot=07\n-->\n\nSlot 08:\n<!-- repo-harness-campaign:v1\ncampaign_id=campaign-1\ngroup=1\nslot=08\n-->\n\nSlot 09:\n<!-- repo-harness-campaign:v1\ncampaign_id=campaign-1\ngroup=1\nslot=09\n-->\n\nSlot 10:\n<!-- repo-harness-campaign:v1\ncampaign_id=campaign-1\ngroup=1\nslot=10\n-->\n\nEach Issue body must also state the audit baseline and contain exactly one fenced ```json metadata object with protocol=1, kind=repo-harness-campaign-issue-metadata, issue_kind, primary_capability, priority, depends_on_slots, and suspected_paths.\n\nDo not claim success for an Issue you did not observe GitHub create or update. Return a concise action log; the local controller will independently read GitHub."

      at consult (/Users/ancienttwo/Projects/repo-harness-wt-brc15a-adoption-alignment/tests/effects/gpt-pro-issue-authoring.test.ts:275:28)
      at <anonymous> (/Users/ancienttwo/Projects/repo-harness-wt-brc15a-adoption-alignment/src/effects/automation/gpt-pro-issue-authoring.ts:184:28)
      at startIssueBatchAuthoring (/Users/ancienttwo/Projects/repo-harness-wt-brc15a-adoption-alignment/src/effects/automation/gpt-pro-issue-authoring.ts:219:5)
      at <anonymous> (/Users/ancienttwo/Projects/repo-harness-wt-brc15a-adoption-alignment/tests/effects/gpt-pro-issue-authoring.test.ts:272:9)
(fail) authoring carries consumer metadata types and the exact revision capability catalog [233.94ms]

 16 pass
 2 fail
 57 expect() calls
Ran 18 tests across 2 files. [5.09s]

PRE_FIX_EXIT=1
